// Jest Snapshot v1, https://jestjs.io/docs/snapshot-testing

exports[`AuthChallengeWidget matches snapshot (default) 1`] = `
<div>
  <form>
    <div
      class="space-y-2"
    >
      <div
        class="w-full justify-between"
        style="transform: scale(1.06); transform-origin: 0 0;"
      >
        <div
          role="presentation"
          sitekey="test-site-key"
          theme="light"
        />
      </div>
    </div>
  </form>
</div>
`;

exports[`AuthChallengeWidget matches snapshot (with error) 1`] = `
<div>
  <form>
    <div
      class="space-y-2"
    >
      <div
        class="w-full justify-between"
        style="transform: scale(1.06); transform-origin: 0 0;"
      >
        <div
          role="presentation"
          sitekey="test-site-key"
          theme="light"
        />
      </div>
    </div>
  </form>
</div>
`;
