// Jest Snapshot v1, https://jestjs.io/docs/snapshot-testing

exports[`ReCaptchaCombinedWidget matches snapshot (default) 1`] = `
<div>
  <form>
    <div
      class="space-y-2"
    >
      <div
        class="flex w-full"
      >
        <div
          style="transform: scale(1.06); transform-origin: 0 0;"
        >
          <div
            data-testid="recaptcha"
            sitekey="test-site-key"
            theme="light"
          />
        </div>
        <input
          id="hidden-recaptcha-v2"
          name="g-recaptcha-response"
          type="hidden"
        />
      </div>
    </div>
  </form>
</div>
`;

exports[`ReCaptchaCombinedWidget matches snapshot (with error) 1`] = `
<div>
  <form>
    <div
      class="space-y-2"
    >
      <div
        class="flex w-full"
      >
        <div
          style="transform: scale(1.06); transform-origin: 0 0;"
        >
          <div
            data-testid="recaptcha"
            sitekey="test-site-key"
            theme="light"
          />
        </div>
        <input
          id="hidden-recaptcha-v2"
          name="g-recaptcha-response"
          type="hidden"
        />
      </div>
    </div>
  </form>
</div>
`;
