// Jest Snapshot v1, https://jestjs.io/docs/snapshot-testing

exports[`LoginPasswordlessSmsOtpScreen should render correctly and match snapshot 1`] = `
<DocumentFragment>
  <div
    class="flex px-10 py-20 justify-page-layout bg-background-page bg-(image:--ul-theme-page-bg-background-image-url) theme-universal"
  >
    <div
      class="bg-card text-card-foreground shadow-bevel-2xl flex flex-col rounded-4xl px-10 py-10 theme-universal:bg-widget-bg theme-universal:border-(--color-widget-border) theme-universal:rounded-widget theme-universal:shadow-widget theme-universal:border-(length:--border-widget) w-full max-w-[400px] gap-0"
      data-slot="card"
    >
      <div
        class="flex flex-wrap justify-widget-logo"
      >
        <span
          class="relative flex shrink-0 overflow-hidden size-auto rounded-none"
          data-slot="avatar"
        />
      </div>
      <h1
        class="mt-6 mb-4 text-header justify-text-header text-(length:--ul-theme-font-title-size) font-title"
      >
        Verify Your Identity
      </h1>
      <p
        class="text-body-text justify-text-header text-(length:--ul-theme-font-subtitle-size) font-subtitle mb-6"
      >
        We've sent a text message to:
      </p>
      <form
        class="space-y-2"
      >
        <div
          class="grid"
          data-slot="form-item"
        >
          <div
            class="w-full"
          >
            <div>
              <div
                class="bg-input aria-invalid:ring-destructive/20 dark:aria-invalid:ring-destructive/40 aria-invalid:border-destructive theme-default:active:scale-[0.99] box-border inline-flex w-full shrink-0 cursor-text justify-center text-sm transition-[color,box-shadow] duration-150 ease-in-out outline-none disabled:pointer-events-none disabled:opacity-50 [&_svg]:pointer-events-none [&_svg]:shrink-0 [&_svg:not([class*='size-'])]:size-4 text-input-foreground shadow-input-resting hover:shadow-input-hover focus-within:ring-ring focus-within:ring-4 h-14 rounded-2xl group relative items-end gap-0.5 pr-[16px] mb-2 theme-universal:bg-input-bg theme-universal:text-input-text theme-universal:border-(length:--ul-theme-border-input-border-weight) theme-universal:border-input-border theme-universal:rounded-input theme-universal:text-(length:--ul-theme-font-body-text-size) theme-universal:font-body-text theme-universal:placeholder:text-input-labels theme-universal:[&_input]:placeholder:text-input-labels theme-universal:placeholder:text-(length:--ul-theme-font-input-labels-size) theme-universal:[&_input]:placeholder:text-(length:--ul-theme-font-input-labels-size) theme-universal:placeholder:font-input-label theme-universal:[&_input]:placeholder:font-input-label theme-universal:[&_label]:bg-input-bg theme-universal:[&_label]:text-input-labels theme-universal:[&_label]:text-(length:--ul-theme-font-input-labels-size) theme-universal:[&_label]:font-input-label theme-universal:focus-within:border-base-focus theme-universal:focus-within:ring-0 theme-universal:focus-within:[&_label]:text-base-focus"
              >
                <label
                  class="pointer-events-none absolute top-1/2 left-4 z-[10] -translate-y-1/2 text-sm transition-all duration-150 ease-in-out origin-left text-muted-foreground"
                  for="«r0»-form-item"
                  id="base-ui-«r1»"
                />
                <div
                  class="relative flex-1"
                >
                  <input
                    aria-labelledby="base-ui-«r1»"
                    class="h-14 w-full flex-1 rounded-2xl bg-transparent px-3 py-4 outline-none file:border-0 file:bg-transparent file:text-sm file:font-medium autofill:bg-transparent autofill:[-webkit-text-fill-color:inherit] autofill:[transition:background-color_9999s_ease-in-out_0s] pl-3 rounded-r-none pr-0"
                    id="«r0»-form-item"
                    name="phonenumber"
                    readonly=""
                    value=""
                  />
                </div>
                <div
                  class="flex h-full items-center justify-center [&_svg]:pointer-events-none [&_svg]:shrink-0 [&_svg:not([class*='size-'])]:size-4"
                >
                  <a
                    aria-disabled="false"
                    aria-label="Edit phone number"
                    class="focus-within:ring-ring inline-flex items-center gap-2 rounded-md py-0.5 underline-offset-4 transition-colors focus:ring-3 focus-visible:outline-hidden underline text-link-focus text-(length:--ul-theme-font-links-size) font-(weight:--ul-theme-font-links-weight) focus:rounded-(--ul-theme-border-links-border-radius) hover:text-link-focus/80 theme-universal:focus:outline-none theme-universal:focus:ring-4 theme-universal:focus:ring-base-focus/15 theme-universal:focus:bg-base-focus/15"
                    href=""
                  >
                    Edit
                  </a>
                </div>
              </div>
            </div>
          </div>
        </div>
        <div
          class="grid"
          data-slot="form-item"
        >
          <div
            class="w-full"
          >
            <div>
              <div
                class="bg-input aria-invalid:ring-destructive/20 dark:aria-invalid:ring-destructive/40 aria-invalid:border-destructive theme-default:active:scale-[0.99] box-border inline-flex w-full shrink-0 cursor-text justify-center text-sm transition-[color,box-shadow] duration-150 ease-in-out outline-none disabled:pointer-events-none disabled:opacity-50 [&_svg]:pointer-events-none [&_svg]:shrink-0 [&_svg:not([class*='size-'])]:size-4 text-input-foreground shadow-input-resting hover:shadow-input-hover focus-within:ring-ring focus-within:ring-4 h-14 rounded-2xl group relative items-end gap-0.5 mb-2 theme-universal:bg-input-bg theme-universal:text-input-text theme-universal:border-(length:--ul-theme-border-input-border-weight) theme-universal:border-input-border theme-universal:rounded-input theme-universal:text-(length:--ul-theme-font-body-text-size) theme-universal:font-body-text theme-universal:placeholder:text-input-labels theme-universal:[&_input]:placeholder:text-input-labels theme-universal:placeholder:text-(length:--ul-theme-font-input-labels-size) theme-universal:[&_input]:placeholder:text-(length:--ul-theme-font-input-labels-size) theme-universal:placeholder:font-input-label theme-universal:[&_input]:placeholder:font-input-label theme-universal:[&_label]:bg-input-bg theme-universal:[&_label]:text-input-labels theme-universal:[&_label]:text-(length:--ul-theme-font-input-labels-size) theme-universal:[&_label]:font-input-label theme-universal:focus-within:border-base-focus theme-universal:focus-within:ring-0 theme-universal:focus-within:[&_label]:text-base-focus"
                data-focused=""
              >
                <label
                  class="pointer-events-none absolute left-4 text-sm transition-all duration-150 ease-in-out origin-left scale-80 -translate-y-[1.18rem] top-2 z-10 bg-input px-1 text-primary"
                  data-focused=""
                  for="«r3»-form-item"
                  id="base-ui-«r4»"
                >
                  Enter the 6-digit code
                </label>
                <div
                  class="relative flex-1"
                >
                  <input
                    aria-labelledby="base-ui-«r4»"
                    class="h-14 w-full flex-1 rounded-2xl bg-transparent px-3 py-4 outline-none file:border-0 file:bg-transparent file:text-sm file:font-medium autofill:bg-transparent autofill:[-webkit-text-fill-color:inherit] autofill:[transition:background-color_9999s_ease-in-out_0s] pl-3 pr-3"
                    data-focused=""
                    id="«r3»-form-item"
                    name="code"
                    value=""
                  />
                </div>
              </div>
            </div>
          </div>
        </div>
        <button
          class="focus-visible:ring-ring aria-invalid:ring-destructive/20 dark:aria-invalid:ring-destructive/40 aria-invalid:border-destructive theme-default:active:scale-[0.99] relative box-border inline-flex shrink-0 items-center justify-center gap-2 overflow-hidden text-sm font-medium whitespace-nowrap transition-all duration-150 ease-in-out outline-none focus-visible:ring-4 disabled:pointer-events-none disabled:opacity-50 [&_svg]:pointer-events-none [&_svg]:shrink-0 [&_svg:not([class*='size-'])]:size-4 shadow-button-resting hover:shadow-button-hover hover:border-primary/50 border-primary bg-primary text-primary-foreground hover:bg-primary/90 theme-default:before:from-primary-foreground/0 theme-default:before:to-primary-foreground/15 theme-default:before:absolute theme-default:before:top-0 theme-default:before:left-0 theme-default:before:block theme-default:before:h-full theme-default:before:w-full theme-default:before:bg-gradient-to-t theme-default:before:content-[''] h-10 rounded-2xl has-[>svg]:px-3 w-full p-6 border-0 cursor-pointer theme-universal:bg-primary-button theme-universal:text-(--ul-theme-color-primary-button-label) theme-universal:hover:shadow-[var(--button-hover-shadow)] theme-universal:focus:outline-none theme-universal:focus:ring-4 theme-universal:focus:ring-base-focus/15 theme-universal:disabled:bg-primary-button/70 theme-universal:disabled:border-primary-button/70 theme-universal:disabled:cursor-not-allowed theme-universal:rounded-button theme-universal:font-button theme-universal:text-(length:--ul-theme-font-buttons-text-size)"
          type="submit"
        >
          Continue
        </button>
      </form>
      <div
        class="mt-4 text-center"
      >
        <span
          class="text-sm pr-1"
        >
          Didn't receive a code?
        </span>
        <a
          aria-disabled="false"
          class="focus-within:ring-ring inline-flex items-center gap-2 rounded-md py-0.5 underline-offset-4 transition-colors focus:ring-3 focus-visible:outline-hidden underline text-link-focus text-(length:--ul-theme-font-links-size) font-(weight:--ul-theme-font-links-weight) focus:rounded-(--ul-theme-border-links-border-radius) hover:text-link-focus/80 theme-universal:focus:outline-none theme-universal:focus:ring-4 theme-universal:focus:ring-base-focus/15 theme-universal:focus:bg-base-focus/15"
        >
          Resend
        </a>
      </div>
    </div>
  </div>
</DocumentFragment>
`;
