// Jest Snapshot v1, https://jestjs.io/docs/snapshot-testing

exports[`ResetPasswordEmailScreen should render correctly and match snapshot 1`] = `
<DocumentFragment>
  <div
    class="flex px-10 py-20 justify-page-layout bg-background-page bg-(image:--ul-theme-page-bg-background-image-url) theme-universal"
  >
    <div
      class="bg-card text-card-foreground shadow-bevel-2xl flex flex-col rounded-4xl px-10 py-10 theme-universal:bg-widget-bg theme-universal:border-(--color-widget-border) theme-universal:rounded-widget theme-universal:shadow-widget theme-universal:border-(length:--border-widget) w-full max-w-[400px] gap-0"
      data-slot="card"
    >
      <svg
        aria-hidden="true"
        class="lucide lucide-mail flex flex-wrap justify-widget-logo ml-28"
        fill="none"
        height="80"
        stroke=""
        stroke-linecap="round"
        stroke-linejoin="round"
        stroke-width="1"
        viewBox="0 0 24 24"
        width="80"
        xmlns="http://www.w3.org/2000/svg"
      >
        <path
          d="m22 7-8.991 5.727a2 2 0 0 1-2.009 0L2 7"
        />
        <rect
          height="16"
          rx="2"
          width="20"
          x="2"
          y="4"
        />
      </svg>
      <h1
        class="mt-6 mb-4 text-header justify-text-header text-(length:--ul-theme-font-title-size) font-title"
      >
        Check Your Email
      </h1>
      <p
        class="text-body-text justify-text-header text-(length:--ul-theme-font-subtitle-size) font-subtitle mb-6"
      >
        Please check the email address undefined for instructions to reset your password.
      </p>
      <button
        class="focus-visible:ring-ring aria-invalid:ring-destructive/20 dark:aria-invalid:ring-destructive/40 aria-invalid:border-destructive theme-default:active:scale-[0.99] relative box-border inline-flex shrink-0 items-center justify-center gap-2 overflow-hidden text-sm font-medium whitespace-nowrap transition-all duration-150 ease-in-out outline-none focus-visible:ring-4 disabled:pointer-events-none disabled:opacity-50 [&_svg]:pointer-events-none [&_svg]:shrink-0 [&_svg:not([class*='size-'])]:size-4 dark:bg-muted/50 hover:text-accent-foreground shadow-button-outlined-resting hover:shadow-button-outlined-hover hover:border-accent bg-background hover:bg-muted text-primary border-primary/35 theme-default:before:from-primary/5 theme-default:before:to-primary/0 theme-default:before:absolute theme-default:before:top-0 theme-default:before:left-0 theme-default:before:block theme-default:before:h-full theme-default:before:w-full theme-default:before:bg-gradient-to-t theme-default:before:content-[''] border h-10 rounded-2xl has-[>svg]:px-3 w-full p-6 cursor-pointer theme-universal:text-(--ul-theme-color-secondary-button-label) theme-universal:border-(--ul-theme-color-secondary-button-border) theme-universal:hover:shadow-[var(--button-hover-shadow)] theme-universal:border-1 theme-universal:focus:ring-4 theme-universal:focus:ring-base-focus/15 theme-universal:disabled:cursor-not-allowed theme-universal:rounded-button theme-universal:font-button theme-universal:text-(length:--ul-theme-font-buttons-text-size)"
        type="button"
      >
        Resend verification email
      </button>
    </div>
  </div>
</DocumentFragment>
`;
